TimeQuest Timing Analyzer report for lab4
Sat Nov 28 12:53:08 2015
Quartus II 64-Bit Version 13.0.1 Build 232 06/12/2013 Service Pack 1 SJ Web Edition


---------------------
; Table of Contents ;
---------------------
  1. Legal Notice
  2. TimeQuest Timing Analyzer Summary
  3. Parallel Compilation
  4. SDC File List
  5. Clocks
  6. Slow Model Fmax Summary
  7. Slow Model Setup Summary
  8. Slow Model Hold Summary
  9. Slow Model Recovery Summary
 10. Slow Model Removal Summary
 11. Slow Model Minimum Pulse Width Summary
 12. Slow Model Setup: 'CLK'
 13. Slow Model Hold: 'CLK'
 14. Slow Model Minimum Pulse Width: 'CLK'
 15. Setup Times
 16. Hold Times
 17. Clock to Output Times
 18. Minimum Clock to Output Times
 19. Fast Model Setup Summary
 20. Fast Model Hold Summary
 21. Fast Model Recovery Summary
 22. Fast Model Removal Summary
 23. Fast Model Minimum Pulse Width Summary
 24. Fast Model Setup: 'CLK'
 25. Fast Model Hold: 'CLK'
 26. Fast Model Minimum Pulse Width: 'CLK'
 27. Setup Times
 28. Hold Times
 29. Clock to Output Times
 30. Minimum Clock to Output Times
 31. Multicorner Timing Analysis Summary
 32. Setup Times
 33. Hold Times
 34. Clock to Output Times
 35. Minimum Clock to Output Times
 36. Setup Transfers
 37. Hold Transfers
 38. Report TCCS
 39. Report RSKM
 40. Unconstrained Paths
 41. TimeQuest Timing Analyzer Messages



----------------
; Legal Notice ;
----------------
Copyright (C) 1991-2013 Altera Corporation
Your use of Altera Corporation's design tools, logic functions 
and other software and tools, and its AMPP partner logic 
functions, and any output files from any of the foregoing 
(including device programming or simulation files), and any 
associated documentation or information are expressly subject 
to the terms and conditions of the Altera Program License 
Subscription Agreement, Altera MegaCore Function License 
Agreement, or other applicable license agreement, including, 
without limitation, that your use is for the sole purpose of 
programming logic devices manufactured by Altera and sold by 
Altera or its authorized distributors.  Please refer to the 
applicable agreement for further details.



+----------------------------------------------------------------------------------------+
; TimeQuest Timing Analyzer Summary                                                      ;
+--------------------+-------------------------------------------------------------------+
; Quartus II Version ; Version 13.0.1 Build 232 06/12/2013 Service Pack 1 SJ Web Edition ;
; Revision Name      ; lab4                                                              ;
; Device Family      ; Cyclone II                                                        ;
; Device Name        ; EP2C20F484C7                                                      ;
; Timing Models      ; Final                                                             ;
; Delay Model        ; Combined                                                          ;
; Rise/Fall Delays   ; Unavailable                                                       ;
+--------------------+-------------------------------------------------------------------+


Parallel compilation was disabled, but you have multiple processors available. Enable parallel compilation to reduce compilation time.
+-------------------------------------+
; Parallel Compilation                ;
+----------------------------+--------+
; Processors                 ; Number ;
+----------------------------+--------+
; Number detected on machine ; 4      ;
; Maximum allowed            ; 1      ;
+----------------------------+--------+


+-------------------------------------------------------------------+
; SDC File List                                                     ;
+-------------------------------+--------+--------------------------+
; SDC File Path                 ; Status ; Read at                  ;
+-------------------------------+--------+--------------------------+
; g10_mastermind_controller.sdc ; OK     ; Sat Nov 28 12:53:08 2015 ;
+-------------------------------+--------+--------------------------+


+---------------------------------------------------------------------------------------------------------------------------------------------------------------------------------+
; Clocks                                                                                                                                                                          ;
+------------+------+--------+-----------+-------+--------+------------+-----------+-------------+-------+--------+-----------+------------+----------+--------+--------+---------+
; Clock Name ; Type ; Period ; Frequency ; Rise  ; Fall   ; Duty Cycle ; Divide by ; Multiply by ; Phase ; Offset ; Edge List ; Edge Shift ; Inverted ; Master ; Source ; Targets ;
+------------+------+--------+-----------+-------+--------+------------+-----------+-------------+-------+--------+-----------+------------+----------+--------+--------+---------+
; CLK        ; Base ; 20.000 ; 50.0 MHz  ; 0.000 ; 10.000 ;            ;           ;             ;       ;        ;           ;            ;          ;        ;        ; { CLK } ;
+------------+------+--------+-----------+-------+--------+------------+-----------+-------------+-------+--------+-----------+------------+----------+--------+--------+---------+


+-----------------------------------------------------------------------------------------------------------+
; Slow Model Fmax Summary                                                                                   ;
+------------+-----------------+------------+---------------------------------------------------------------+
; Fmax       ; Restricted Fmax ; Clock Name ; Note                                                          ;
+------------+-----------------+------------+---------------------------------------------------------------+
; 423.19 MHz ; 380.08 MHz      ; CLK        ; limit due to minimum period restriction (max I/O toggle rate) ;
+------------+-----------------+------------+---------------------------------------------------------------+
This panel reports FMAX for every clock in the design, regardless of the user-specified clock periods.  FMAX is only computed for paths where the source and destination registers or ports are driven by the same clock.  Paths of different clocks, including generated clocks, are ignored.  For paths between a clock and its inversion, FMAX is computed as if the rising and falling edges are scaled along with FMAX, such that the duty cycle (in terms of a percentage) is maintained. Altera recommends that you always use clock constraints and other slack reports for sign-off analysis.


+--------------------------------+
; Slow Model Setup Summary       ;
+-------+--------+---------------+
; Clock ; Slack  ; End Point TNS ;
+-------+--------+---------------+
; CLK   ; 17.637 ; 0.000         ;
+-------+--------+---------------+


+-------------------------------+
; Slow Model Hold Summary       ;
+-------+-------+---------------+
; Clock ; Slack ; End Point TNS ;
+-------+-------+---------------+
; CLK   ; 0.445 ; 0.000         ;
+-------+-------+---------------+


-------------------------------
; Slow Model Recovery Summary ;
-------------------------------
No paths to report.


------------------------------
; Slow Model Removal Summary ;
------------------------------
No paths to report.


+----------------------------------------+
; Slow Model Minimum Pulse Width Summary ;
+-------+-------+------------------------+
; Clock ; Slack ; End Point TNS          ;
+-------+-------+------------------------+
; CLK   ; 8.889 ; 0.000                  ;
+-------+-------+------------------------+


+----------------------------------------------------------------------------------------------------------+
; Slow Model Setup: 'CLK'                                                                                  ;
+--------+-------------+-------------+--------------+-------------+--------------+------------+------------+
; Slack  ; From Node   ; To Node     ; Launch Clock ; Latch Clock ; Relationship ; Clock Skew ; Data Delay ;
+--------+-------------+-------------+--------------+-------------+--------------+------------+------------+
; 17.637 ; y_present.F ; TC_RST~reg0 ; CLK          ; CLK         ; 20.000       ; 0.000      ; 2.401      ;
; 17.732 ; y_present.I ; TC_RST~reg0 ; CLK          ; CLK         ; 20.000       ; -0.001     ; 2.305      ;
; 17.847 ; y_present.B ; y_present.A ; CLK          ; CLK         ; 20.000       ; 0.000      ; 2.191      ;
; 17.866 ; y_present.J ; y_present.B ; CLK          ; CLK         ; 20.000       ; -0.001     ; 2.171      ;
; 17.876 ; y_present.J ; y_present.A ; CLK          ; CLK         ; 20.000       ; -0.001     ; 2.161      ;
; 17.882 ; y_present.E ; y_present.A ; CLK          ; CLK         ; 20.000       ; 0.000      ; 2.156      ;
; 17.888 ; y_present.A ; TC_RST~reg0 ; CLK          ; CLK         ; 20.000       ; 0.000      ; 2.150      ;
; 17.896 ; y_present.F ; y_present.A ; CLK          ; CLK         ; 20.000       ; 0.000      ; 2.142      ;
; 17.923 ; y_present.E ; TC_RST~reg0 ; CLK          ; CLK         ; 20.000       ; 0.000      ; 2.115      ;
; 17.926 ; y_present.A ; y_present.A ; CLK          ; CLK         ; 20.000       ; 0.000      ; 2.112      ;
; 17.976 ; y_present.H ; TC_RST~reg0 ; CLK          ; CLK         ; 20.000       ; -0.001     ; 2.061      ;
; 17.998 ; y_present.H ; y_present.G ; CLK          ; CLK         ; 20.000       ; 0.000      ; 2.040      ;
; 17.998 ; y_present.C ; y_present.B ; CLK          ; CLK         ; 20.000       ; -0.001     ; 2.039      ;
; 17.999 ; y_present.G ; y_present.A ; CLK          ; CLK         ; 20.000       ; -0.001     ; 2.038      ;
; 18.000 ; y_present.H ; TM_EN~reg0  ; CLK          ; CLK         ; 20.000       ; 0.000      ; 2.038      ;
; 18.000 ; y_present.C ; y_present.A ; CLK          ; CLK         ; 20.000       ; -0.001     ; 2.037      ;
; 18.001 ; y_present.E ; y_present.B ; CLK          ; CLK         ; 20.000       ; 0.000      ; 2.037      ;
; 18.028 ; y_present.A ; y_present.B ; CLK          ; CLK         ; 20.000       ; 0.000      ; 2.010      ;
; 18.034 ; y_present.G ; y_present.B ; CLK          ; CLK         ; 20.000       ; -0.001     ; 2.003      ;
; 18.082 ; y_present.C ; y_present.D ; CLK          ; CLK         ; 20.000       ; 0.000      ; 1.956      ;
; 18.090 ; y_present.D ; y_present.A ; CLK          ; CLK         ; 20.000       ; -0.001     ; 1.947      ;
; 18.094 ; y_present.H ; y_present.B ; CLK          ; CLK         ; 20.000       ; -0.001     ; 1.943      ;
; 18.096 ; y_present.H ; y_present.A ; CLK          ; CLK         ; 20.000       ; -0.001     ; 1.941      ;
; 18.120 ; y_present.D ; y_present.B ; CLK          ; CLK         ; 20.000       ; -0.001     ; 1.917      ;
; 18.126 ; y_present.B ; TC_RST~reg0 ; CLK          ; CLK         ; 20.000       ; 0.000      ; 1.912      ;
; 18.132 ; y_present.I ; y_present.G ; CLK          ; CLK         ; 20.000       ; 0.000      ; 1.906      ;
; 18.134 ; y_present.I ; TM_EN~reg0  ; CLK          ; CLK         ; 20.000       ; 0.000      ; 1.904      ;
; 18.135 ; y_present.D ; y_present.D ; CLK          ; CLK         ; 20.000       ; 0.000      ; 1.903      ;
; 18.151 ; y_present.B ; y_present.B ; CLK          ; CLK         ; 20.000       ; 0.000      ; 1.887      ;
; 18.230 ; y_present.I ; y_present.B ; CLK          ; CLK         ; 20.000       ; -0.001     ; 1.807      ;
; 18.232 ; y_present.I ; y_present.A ; CLK          ; CLK         ; 20.000       ; -0.001     ; 1.805      ;
; 18.255 ; TC_RST~reg0 ; TC_RST~reg0 ; CLK          ; CLK         ; 20.000       ; 0.000      ; 1.783      ;
; 18.478 ; y_present.E ; SR_LD~reg0  ; CLK          ; CLK         ; 20.000       ; 0.001      ; 1.561      ;
; 18.478 ; y_present.E ; y_present.G ; CLK          ; CLK         ; 20.000       ; 0.001      ; 1.561      ;
; 18.512 ; y_present.J ; y_present.F ; CLK          ; CLK         ; 20.000       ; -0.001     ; 1.525      ;
; 18.535 ; y_present.D ; GR_LD~reg0  ; CLK          ; CLK         ; 20.000       ; 0.000      ; 1.503      ;
; 18.536 ; y_present.D ; GR_SEL~reg0 ; CLK          ; CLK         ; 20.000       ; 0.000      ; 1.502      ;
; 18.548 ; y_present.B ; y_present.C ; CLK          ; CLK         ; 20.000       ; 0.001      ; 1.491      ;
; 18.567 ; y_present.D ; P_SEL~reg0  ; CLK          ; CLK         ; 20.000       ; 0.000      ; 1.471      ;
; 18.567 ; y_present.E ; y_present.D ; CLK          ; CLK         ; 20.000       ; 0.001      ; 1.472      ;
; 18.714 ; y_present.E ; y_present.F ; CLK          ; CLK         ; 20.000       ; 0.000      ; 1.324      ;
; 18.716 ; y_present.C ; TM_IN~reg0  ; CLK          ; CLK         ; 20.000       ; 0.000      ; 1.322      ;
; 18.717 ; y_present.C ; TC_EN~reg0  ; CLK          ; CLK         ; 20.000       ; 0.000      ; 1.321      ;
; 18.717 ; y_present.C ; TM_EN~reg0  ; CLK          ; CLK         ; 20.000       ; 0.000      ; 1.321      ;
; 18.719 ; y_present.G ; y_present.H ; CLK          ; CLK         ; 20.000       ; 0.000      ; 1.319      ;
; 18.721 ; y_present.G ; y_present.I ; CLK          ; CLK         ; 20.000       ; 0.000      ; 1.317      ;
; 18.739 ; y_present.J ; SR_LD~reg0  ; CLK          ; CLK         ; 20.000       ; 0.000      ; 1.299      ;
; 18.739 ; y_present.J ; GR_LD~reg0  ; CLK          ; CLK         ; 20.000       ; 0.000      ; 1.299      ;
; 18.740 ; y_present.J ; GR_SEL~reg0 ; CLK          ; CLK         ; 20.000       ; 0.000      ; 1.298      ;
; 18.744 ; y_present.G ; TC_EN~reg0  ; CLK          ; CLK         ; 20.000       ; 0.000      ; 1.294      ;
; 18.753 ; y_present.H ; TM_IN~reg0  ; CLK          ; CLK         ; 20.000       ; 0.000      ; 1.285      ;
; 18.754 ; y_present.J ; TC_RST~reg0 ; CLK          ; CLK         ; 20.000       ; -0.001     ; 1.283      ;
; 18.758 ; y_present.G ; y_present.J ; CLK          ; CLK         ; 20.000       ; 0.000      ; 1.280      ;
; 18.767 ; y_present.F ; SOLVED~reg0 ; CLK          ; CLK         ; 20.000       ; 0.000      ; 1.271      ;
; 18.777 ; y_present.J ; P_SEL~reg0  ; CLK          ; CLK         ; 20.000       ; 0.000      ; 1.261      ;
; 18.811 ; y_present.J ; y_present.D ; CLK          ; CLK         ; 20.000       ; 0.000      ; 1.227      ;
; 18.894 ; y_present.I ; TM_IN~reg0  ; CLK          ; CLK         ; 20.000       ; 0.000      ; 1.144      ;
; 18.921 ; y_present.D ; TC_RST~reg0 ; CLK          ; CLK         ; 20.000       ; -0.001     ; 1.116      ;
; 18.922 ; y_present.D ; y_present.E ; CLK          ; CLK         ; 20.000       ; -0.001     ; 1.115      ;
; 19.062 ; y_present.G ; TM_EN~reg0  ; CLK          ; CLK         ; 20.000       ; 0.000      ; 0.976      ;
; 19.062 ; y_present.G ; SR_LD~reg0  ; CLK          ; CLK         ; 20.000       ; 0.000      ; 0.976      ;
; 19.062 ; y_present.G ; GR_LD~reg0  ; CLK          ; CLK         ; 20.000       ; 0.000      ; 0.976      ;
; 19.066 ; y_present.G ; y_present.D ; CLK          ; CLK         ; 20.000       ; 0.000      ; 0.972      ;
; 19.069 ; y_present.G ; P_SEL~reg0  ; CLK          ; CLK         ; 20.000       ; 0.000      ; 0.969      ;
; 19.097 ; y_present.J ; y_present.G ; CLK          ; CLK         ; 20.000       ; 0.000      ; 0.941      ;
; 19.106 ; y_present.A ; SOLVED~reg0 ; CLK          ; CLK         ; 20.000       ; 0.000      ; 0.932      ;
; 19.307 ; TM_EN~reg0  ; TM_EN~reg0  ; CLK          ; CLK         ; 20.000       ; 0.000      ; 0.731      ;
; 19.307 ; SR_LD~reg0  ; SR_LD~reg0  ; CLK          ; CLK         ; 20.000       ; 0.000      ; 0.731      ;
; 19.307 ; y_present.F ; y_present.F ; CLK          ; CLK         ; 20.000       ; 0.000      ; 0.731      ;
; 19.307 ; GR_LD~reg0  ; GR_LD~reg0  ; CLK          ; CLK         ; 20.000       ; 0.000      ; 0.731      ;
; 19.307 ; GR_SEL~reg0 ; GR_SEL~reg0 ; CLK          ; CLK         ; 20.000       ; 0.000      ; 0.731      ;
; 19.307 ; y_present.C ; y_present.C ; CLK          ; CLK         ; 20.000       ; 0.000      ; 0.731      ;
; 19.307 ; P_SEL~reg0  ; P_SEL~reg0  ; CLK          ; CLK         ; 20.000       ; 0.000      ; 0.731      ;
; 19.307 ; TM_IN~reg0  ; TM_IN~reg0  ; CLK          ; CLK         ; 20.000       ; 0.000      ; 0.731      ;
; 19.307 ; TC_EN~reg0  ; TC_EN~reg0  ; CLK          ; CLK         ; 20.000       ; 0.000      ; 0.731      ;
; 19.307 ; SOLVED~reg0 ; SOLVED~reg0 ; CLK          ; CLK         ; 20.000       ; 0.000      ; 0.731      ;
+--------+-------------+-------------+--------------+-------------+--------------+------------+------------+


+---------------------------------------------------------------------------------------------------------+
; Slow Model Hold: 'CLK'                                                                                  ;
+-------+-------------+-------------+--------------+-------------+--------------+------------+------------+
; Slack ; From Node   ; To Node     ; Launch Clock ; Latch Clock ; Relationship ; Clock Skew ; Data Delay ;
+-------+-------------+-------------+--------------+-------------+--------------+------------+------------+
; 0.445 ; y_present.F ; y_present.F ; CLK          ; CLK         ; 0.000        ; 0.000      ; 0.731      ;
; 0.445 ; y_present.C ; y_present.C ; CLK          ; CLK         ; 0.000        ; 0.000      ; 0.731      ;
; 0.445 ; GR_LD~reg0  ; GR_LD~reg0  ; CLK          ; CLK         ; 0.000        ; 0.000      ; 0.731      ;
; 0.445 ; P_SEL~reg0  ; P_SEL~reg0  ; CLK          ; CLK         ; 0.000        ; 0.000      ; 0.731      ;
; 0.445 ; GR_SEL~reg0 ; GR_SEL~reg0 ; CLK          ; CLK         ; 0.000        ; 0.000      ; 0.731      ;
; 0.445 ; SR_LD~reg0  ; SR_LD~reg0  ; CLK          ; CLK         ; 0.000        ; 0.000      ; 0.731      ;
; 0.445 ; TM_IN~reg0  ; TM_IN~reg0  ; CLK          ; CLK         ; 0.000        ; 0.000      ; 0.731      ;
; 0.445 ; TM_EN~reg0  ; TM_EN~reg0  ; CLK          ; CLK         ; 0.000        ; 0.000      ; 0.731      ;
; 0.445 ; TC_EN~reg0  ; TC_EN~reg0  ; CLK          ; CLK         ; 0.000        ; 0.000      ; 0.731      ;
; 0.445 ; SOLVED~reg0 ; SOLVED~reg0 ; CLK          ; CLK         ; 0.000        ; 0.000      ; 0.731      ;
; 0.646 ; y_present.A ; SOLVED~reg0 ; CLK          ; CLK         ; 0.000        ; 0.000      ; 0.932      ;
; 0.655 ; y_present.J ; y_present.G ; CLK          ; CLK         ; 0.000        ; 0.000      ; 0.941      ;
; 0.683 ; y_present.G ; P_SEL~reg0  ; CLK          ; CLK         ; 0.000        ; 0.000      ; 0.969      ;
; 0.686 ; y_present.G ; y_present.D ; CLK          ; CLK         ; 0.000        ; 0.000      ; 0.972      ;
; 0.690 ; y_present.G ; GR_LD~reg0  ; CLK          ; CLK         ; 0.000        ; 0.000      ; 0.976      ;
; 0.690 ; y_present.G ; SR_LD~reg0  ; CLK          ; CLK         ; 0.000        ; 0.000      ; 0.976      ;
; 0.690 ; y_present.G ; TM_EN~reg0  ; CLK          ; CLK         ; 0.000        ; 0.000      ; 0.976      ;
; 0.830 ; y_present.D ; y_present.E ; CLK          ; CLK         ; 0.000        ; -0.001     ; 1.115      ;
; 0.831 ; y_present.D ; TC_RST~reg0 ; CLK          ; CLK         ; 0.000        ; -0.001     ; 1.116      ;
; 0.858 ; y_present.I ; TM_IN~reg0  ; CLK          ; CLK         ; 0.000        ; 0.000      ; 1.144      ;
; 0.941 ; y_present.J ; y_present.D ; CLK          ; CLK         ; 0.000        ; 0.000      ; 1.227      ;
; 0.975 ; y_present.J ; P_SEL~reg0  ; CLK          ; CLK         ; 0.000        ; 0.000      ; 1.261      ;
; 0.985 ; y_present.F ; SOLVED~reg0 ; CLK          ; CLK         ; 0.000        ; 0.000      ; 1.271      ;
; 0.994 ; y_present.G ; y_present.J ; CLK          ; CLK         ; 0.000        ; 0.000      ; 1.280      ;
; 0.998 ; y_present.J ; TC_RST~reg0 ; CLK          ; CLK         ; 0.000        ; -0.001     ; 1.283      ;
; 0.999 ; y_present.H ; TM_IN~reg0  ; CLK          ; CLK         ; 0.000        ; 0.000      ; 1.285      ;
; 1.008 ; y_present.G ; TC_EN~reg0  ; CLK          ; CLK         ; 0.000        ; 0.000      ; 1.294      ;
; 1.012 ; y_present.J ; GR_SEL~reg0 ; CLK          ; CLK         ; 0.000        ; 0.000      ; 1.298      ;
; 1.013 ; y_present.J ; GR_LD~reg0  ; CLK          ; CLK         ; 0.000        ; 0.000      ; 1.299      ;
; 1.013 ; y_present.J ; SR_LD~reg0  ; CLK          ; CLK         ; 0.000        ; 0.000      ; 1.299      ;
; 1.031 ; y_present.G ; y_present.I ; CLK          ; CLK         ; 0.000        ; 0.000      ; 1.317      ;
; 1.033 ; y_present.G ; y_present.H ; CLK          ; CLK         ; 0.000        ; 0.000      ; 1.319      ;
; 1.035 ; y_present.C ; TM_EN~reg0  ; CLK          ; CLK         ; 0.000        ; 0.000      ; 1.321      ;
; 1.035 ; y_present.C ; TC_EN~reg0  ; CLK          ; CLK         ; 0.000        ; 0.000      ; 1.321      ;
; 1.036 ; y_present.C ; TM_IN~reg0  ; CLK          ; CLK         ; 0.000        ; 0.000      ; 1.322      ;
; 1.038 ; y_present.E ; y_present.F ; CLK          ; CLK         ; 0.000        ; 0.000      ; 1.324      ;
; 1.185 ; y_present.D ; P_SEL~reg0  ; CLK          ; CLK         ; 0.000        ; 0.000      ; 1.471      ;
; 1.185 ; y_present.E ; y_present.D ; CLK          ; CLK         ; 0.000        ; 0.001      ; 1.472      ;
; 1.204 ; y_present.B ; y_present.C ; CLK          ; CLK         ; 0.000        ; 0.001      ; 1.491      ;
; 1.216 ; y_present.D ; GR_SEL~reg0 ; CLK          ; CLK         ; 0.000        ; 0.000      ; 1.502      ;
; 1.217 ; y_present.D ; GR_LD~reg0  ; CLK          ; CLK         ; 0.000        ; 0.000      ; 1.503      ;
; 1.240 ; y_present.J ; y_present.F ; CLK          ; CLK         ; 0.000        ; -0.001     ; 1.525      ;
; 1.274 ; y_present.E ; SR_LD~reg0  ; CLK          ; CLK         ; 0.000        ; 0.001      ; 1.561      ;
; 1.274 ; y_present.E ; y_present.G ; CLK          ; CLK         ; 0.000        ; 0.001      ; 1.561      ;
; 1.454 ; TC_RST~reg0 ; TC_RST~reg0 ; CLK          ; CLK         ; 0.000        ; 0.000      ; 1.740      ;
; 1.520 ; y_present.I ; y_present.A ; CLK          ; CLK         ; 0.000        ; -0.001     ; 1.805      ;
; 1.522 ; y_present.I ; y_present.B ; CLK          ; CLK         ; 0.000        ; -0.001     ; 1.807      ;
; 1.601 ; y_present.B ; y_present.B ; CLK          ; CLK         ; 0.000        ; 0.000      ; 1.887      ;
; 1.617 ; y_present.D ; y_present.D ; CLK          ; CLK         ; 0.000        ; 0.000      ; 1.903      ;
; 1.618 ; y_present.I ; TM_EN~reg0  ; CLK          ; CLK         ; 0.000        ; 0.000      ; 1.904      ;
; 1.620 ; y_present.I ; y_present.G ; CLK          ; CLK         ; 0.000        ; 0.000      ; 1.906      ;
; 1.626 ; y_present.B ; TC_RST~reg0 ; CLK          ; CLK         ; 0.000        ; 0.000      ; 1.912      ;
; 1.632 ; y_present.D ; y_present.B ; CLK          ; CLK         ; 0.000        ; -0.001     ; 1.917      ;
; 1.656 ; y_present.H ; y_present.A ; CLK          ; CLK         ; 0.000        ; -0.001     ; 1.941      ;
; 1.658 ; y_present.H ; y_present.B ; CLK          ; CLK         ; 0.000        ; -0.001     ; 1.943      ;
; 1.662 ; y_present.D ; y_present.A ; CLK          ; CLK         ; 0.000        ; -0.001     ; 1.947      ;
; 1.670 ; y_present.C ; y_present.D ; CLK          ; CLK         ; 0.000        ; 0.000      ; 1.956      ;
; 1.718 ; y_present.G ; y_present.B ; CLK          ; CLK         ; 0.000        ; -0.001     ; 2.003      ;
; 1.724 ; y_present.A ; y_present.B ; CLK          ; CLK         ; 0.000        ; 0.000      ; 2.010      ;
; 1.751 ; y_present.E ; y_present.B ; CLK          ; CLK         ; 0.000        ; 0.000      ; 2.037      ;
; 1.752 ; y_present.C ; y_present.A ; CLK          ; CLK         ; 0.000        ; -0.001     ; 2.037      ;
; 1.752 ; y_present.H ; TM_EN~reg0  ; CLK          ; CLK         ; 0.000        ; 0.000      ; 2.038      ;
; 1.753 ; y_present.G ; y_present.A ; CLK          ; CLK         ; 0.000        ; -0.001     ; 2.038      ;
; 1.754 ; y_present.C ; y_present.B ; CLK          ; CLK         ; 0.000        ; -0.001     ; 2.039      ;
; 1.754 ; y_present.H ; y_present.G ; CLK          ; CLK         ; 0.000        ; 0.000      ; 2.040      ;
; 1.776 ; y_present.H ; TC_RST~reg0 ; CLK          ; CLK         ; 0.000        ; -0.001     ; 2.061      ;
; 1.826 ; y_present.A ; y_present.A ; CLK          ; CLK         ; 0.000        ; 0.000      ; 2.112      ;
; 1.829 ; y_present.E ; TC_RST~reg0 ; CLK          ; CLK         ; 0.000        ; 0.000      ; 2.115      ;
; 1.856 ; y_present.F ; y_present.A ; CLK          ; CLK         ; 0.000        ; 0.000      ; 2.142      ;
; 1.864 ; y_present.A ; TC_RST~reg0 ; CLK          ; CLK         ; 0.000        ; 0.000      ; 2.150      ;
; 1.870 ; y_present.E ; y_present.A ; CLK          ; CLK         ; 0.000        ; 0.000      ; 2.156      ;
; 1.876 ; y_present.J ; y_present.A ; CLK          ; CLK         ; 0.000        ; -0.001     ; 2.161      ;
; 1.886 ; y_present.J ; y_present.B ; CLK          ; CLK         ; 0.000        ; -0.001     ; 2.171      ;
; 1.905 ; y_present.B ; y_present.A ; CLK          ; CLK         ; 0.000        ; 0.000      ; 2.191      ;
; 2.020 ; y_present.I ; TC_RST~reg0 ; CLK          ; CLK         ; 0.000        ; -0.001     ; 2.305      ;
; 2.115 ; y_present.F ; TC_RST~reg0 ; CLK          ; CLK         ; 0.000        ; 0.000      ; 2.401      ;
+-------+-------------+-------------+--------------+-------------+--------------+------------+------------+


+-------------------------------------------------------------------------------------------------------+
; Slow Model Minimum Pulse Width: 'CLK'                                                                 ;
+--------+--------------+----------------+------------------+-------+------------+----------------------+
; Slack  ; Actual Width ; Required Width ; Type             ; Clock ; Clock Edge ; Target               ;
+--------+--------------+----------------+------------------+-------+------------+----------------------+
; 8.889  ; 10.000       ; 1.111          ; High Pulse Width ; CLK   ; Rise       ; GR_LD~reg0           ;
; 8.889  ; 10.000       ; 1.111          ; Low Pulse Width  ; CLK   ; Rise       ; GR_LD~reg0           ;
; 8.889  ; 10.000       ; 1.111          ; High Pulse Width ; CLK   ; Rise       ; GR_SEL~reg0          ;
; 8.889  ; 10.000       ; 1.111          ; Low Pulse Width  ; CLK   ; Rise       ; GR_SEL~reg0          ;
; 8.889  ; 10.000       ; 1.111          ; High Pulse Width ; CLK   ; Rise       ; P_SEL~reg0           ;
; 8.889  ; 10.000       ; 1.111          ; Low Pulse Width  ; CLK   ; Rise       ; P_SEL~reg0           ;
; 8.889  ; 10.000       ; 1.111          ; High Pulse Width ; CLK   ; Rise       ; SOLVED~reg0          ;
; 8.889  ; 10.000       ; 1.111          ; Low Pulse Width  ; CLK   ; Rise       ; SOLVED~reg0          ;
; 8.889  ; 10.000       ; 1.111          ; High Pulse Width ; CLK   ; Rise       ; SR_LD~reg0           ;
; 8.889  ; 10.000       ; 1.111          ; Low Pulse Width  ; CLK   ; Rise       ; SR_LD~reg0           ;
; 8.889  ; 10.000       ; 1.111          ; High Pulse Width ; CLK   ; Rise       ; TC_EN~reg0           ;
; 8.889  ; 10.000       ; 1.111          ; Low Pulse Width  ; CLK   ; Rise       ; TC_EN~reg0           ;
; 8.889  ; 10.000       ; 1.111          ; High Pulse Width ; CLK   ; Rise       ; TC_RST~reg0          ;
; 8.889  ; 10.000       ; 1.111          ; Low Pulse Width  ; CLK   ; Rise       ; TC_RST~reg0          ;
; 8.889  ; 10.000       ; 1.111          ; High Pulse Width ; CLK   ; Rise       ; TM_EN~reg0           ;
; 8.889  ; 10.000       ; 1.111          ; Low Pulse Width  ; CLK   ; Rise       ; TM_EN~reg0           ;
; 8.889  ; 10.000       ; 1.111          ; High Pulse Width ; CLK   ; Rise       ; TM_IN~reg0           ;
; 8.889  ; 10.000       ; 1.111          ; Low Pulse Width  ; CLK   ; Rise       ; TM_IN~reg0           ;
; 8.889  ; 10.000       ; 1.111          ; High Pulse Width ; CLK   ; Rise       ; y_present.A          ;
; 8.889  ; 10.000       ; 1.111          ; Low Pulse Width  ; CLK   ; Rise       ; y_present.A          ;
; 8.889  ; 10.000       ; 1.111          ; High Pulse Width ; CLK   ; Rise       ; y_present.B          ;
; 8.889  ; 10.000       ; 1.111          ; Low Pulse Width  ; CLK   ; Rise       ; y_present.B          ;
; 8.889  ; 10.000       ; 1.111          ; High Pulse Width ; CLK   ; Rise       ; y_present.C          ;
; 8.889  ; 10.000       ; 1.111          ; Low Pulse Width  ; CLK   ; Rise       ; y_present.C          ;
; 8.889  ; 10.000       ; 1.111          ; High Pulse Width ; CLK   ; Rise       ; y_present.D          ;
; 8.889  ; 10.000       ; 1.111          ; Low Pulse Width  ; CLK   ; Rise       ; y_present.D          ;
; 8.889  ; 10.000       ; 1.111          ; High Pulse Width ; CLK   ; Rise       ; y_present.E          ;
; 8.889  ; 10.000       ; 1.111          ; Low Pulse Width  ; CLK   ; Rise       ; y_present.E          ;
; 8.889  ; 10.000       ; 1.111          ; High Pulse Width ; CLK   ; Rise       ; y_present.F          ;
; 8.889  ; 10.000       ; 1.111          ; Low Pulse Width  ; CLK   ; Rise       ; y_present.F          ;
; 8.889  ; 10.000       ; 1.111          ; High Pulse Width ; CLK   ; Rise       ; y_present.G          ;
; 8.889  ; 10.000       ; 1.111          ; Low Pulse Width  ; CLK   ; Rise       ; y_present.G          ;
; 8.889  ; 10.000       ; 1.111          ; High Pulse Width ; CLK   ; Rise       ; y_present.H          ;
; 8.889  ; 10.000       ; 1.111          ; Low Pulse Width  ; CLK   ; Rise       ; y_present.H          ;
; 8.889  ; 10.000       ; 1.111          ; High Pulse Width ; CLK   ; Rise       ; y_present.I          ;
; 8.889  ; 10.000       ; 1.111          ; Low Pulse Width  ; CLK   ; Rise       ; y_present.I          ;
; 8.889  ; 10.000       ; 1.111          ; High Pulse Width ; CLK   ; Rise       ; y_present.J          ;
; 8.889  ; 10.000       ; 1.111          ; Low Pulse Width  ; CLK   ; Rise       ; y_present.J          ;
; 10.000 ; 10.000       ; 0.000          ; High Pulse Width ; CLK   ; Rise       ; CLK|combout          ;
; 10.000 ; 10.000       ; 0.000          ; Low Pulse Width  ; CLK   ; Rise       ; CLK|combout          ;
; 10.000 ; 10.000       ; 0.000          ; High Pulse Width ; CLK   ; Rise       ; CLK~clkctrl|inclk[0] ;
; 10.000 ; 10.000       ; 0.000          ; Low Pulse Width  ; CLK   ; Rise       ; CLK~clkctrl|inclk[0] ;
; 10.000 ; 10.000       ; 0.000          ; High Pulse Width ; CLK   ; Rise       ; CLK~clkctrl|outclk   ;
; 10.000 ; 10.000       ; 0.000          ; Low Pulse Width  ; CLK   ; Rise       ; CLK~clkctrl|outclk   ;
; 10.000 ; 10.000       ; 0.000          ; High Pulse Width ; CLK   ; Rise       ; GR_LD~reg0|clk       ;
; 10.000 ; 10.000       ; 0.000          ; Low Pulse Width  ; CLK   ; Rise       ; GR_LD~reg0|clk       ;
; 10.000 ; 10.000       ; 0.000          ; High Pulse Width ; CLK   ; Rise       ; GR_SEL~reg0|clk      ;
; 10.000 ; 10.000       ; 0.000          ; Low Pulse Width  ; CLK   ; Rise       ; GR_SEL~reg0|clk      ;
; 10.000 ; 10.000       ; 0.000          ; High Pulse Width ; CLK   ; Rise       ; P_SEL~reg0|clk       ;
; 10.000 ; 10.000       ; 0.000          ; Low Pulse Width  ; CLK   ; Rise       ; P_SEL~reg0|clk       ;
; 10.000 ; 10.000       ; 0.000          ; High Pulse Width ; CLK   ; Rise       ; SOLVED~reg0|clk      ;
; 10.000 ; 10.000       ; 0.000          ; Low Pulse Width  ; CLK   ; Rise       ; SOLVED~reg0|clk      ;
; 10.000 ; 10.000       ; 0.000          ; High Pulse Width ; CLK   ; Rise       ; SR_LD~reg0|clk       ;
; 10.000 ; 10.000       ; 0.000          ; Low Pulse Width  ; CLK   ; Rise       ; SR_LD~reg0|clk       ;
; 10.000 ; 10.000       ; 0.000          ; High Pulse Width ; CLK   ; Rise       ; TC_EN~reg0|clk       ;
; 10.000 ; 10.000       ; 0.000          ; Low Pulse Width  ; CLK   ; Rise       ; TC_EN~reg0|clk       ;
; 10.000 ; 10.000       ; 0.000          ; High Pulse Width ; CLK   ; Rise       ; TC_RST~reg0|clk      ;
; 10.000 ; 10.000       ; 0.000          ; Low Pulse Width  ; CLK   ; Rise       ; TC_RST~reg0|clk      ;
; 10.000 ; 10.000       ; 0.000          ; High Pulse Width ; CLK   ; Rise       ; TM_EN~reg0|clk       ;
; 10.000 ; 10.000       ; 0.000          ; Low Pulse Width  ; CLK   ; Rise       ; TM_EN~reg0|clk       ;
; 10.000 ; 10.000       ; 0.000          ; High Pulse Width ; CLK   ; Rise       ; TM_IN~reg0|clk       ;
; 10.000 ; 10.000       ; 0.000          ; Low Pulse Width  ; CLK   ; Rise       ; TM_IN~reg0|clk       ;
; 10.000 ; 10.000       ; 0.000          ; High Pulse Width ; CLK   ; Rise       ; y_present.A|clk      ;
; 10.000 ; 10.000       ; 0.000          ; Low Pulse Width  ; CLK   ; Rise       ; y_present.A|clk      ;
; 10.000 ; 10.000       ; 0.000          ; High Pulse Width ; CLK   ; Rise       ; y_present.B|clk      ;
; 10.000 ; 10.000       ; 0.000          ; Low Pulse Width  ; CLK   ; Rise       ; y_present.B|clk      ;
; 10.000 ; 10.000       ; 0.000          ; High Pulse Width ; CLK   ; Rise       ; y_present.C|clk      ;
; 10.000 ; 10.000       ; 0.000          ; Low Pulse Width  ; CLK   ; Rise       ; y_present.C|clk      ;
; 10.000 ; 10.000       ; 0.000          ; High Pulse Width ; CLK   ; Rise       ; y_present.D|clk      ;
; 10.000 ; 10.000       ; 0.000          ; Low Pulse Width  ; CLK   ; Rise       ; y_present.D|clk      ;
; 10.000 ; 10.000       ; 0.000          ; High Pulse Width ; CLK   ; Rise       ; y_present.E|clk      ;
; 10.000 ; 10.000       ; 0.000          ; Low Pulse Width  ; CLK   ; Rise       ; y_present.E|clk      ;
; 10.000 ; 10.000       ; 0.000          ; High Pulse Width ; CLK   ; Rise       ; y_present.F|clk      ;
; 10.000 ; 10.000       ; 0.000          ; Low Pulse Width  ; CLK   ; Rise       ; y_present.F|clk      ;
; 10.000 ; 10.000       ; 0.000          ; High Pulse Width ; CLK   ; Rise       ; y_present.G|clk      ;
; 10.000 ; 10.000       ; 0.000          ; Low Pulse Width  ; CLK   ; Rise       ; y_present.G|clk      ;
; 10.000 ; 10.000       ; 0.000          ; High Pulse Width ; CLK   ; Rise       ; y_present.H|clk      ;
; 10.000 ; 10.000       ; 0.000          ; Low Pulse Width  ; CLK   ; Rise       ; y_present.H|clk      ;
; 10.000 ; 10.000       ; 0.000          ; High Pulse Width ; CLK   ; Rise       ; y_present.I|clk      ;
; 10.000 ; 10.000       ; 0.000          ; Low Pulse Width  ; CLK   ; Rise       ; y_present.I|clk      ;
; 10.000 ; 10.000       ; 0.000          ; High Pulse Width ; CLK   ; Rise       ; y_present.J|clk      ;
; 10.000 ; 10.000       ; 0.000          ; Low Pulse Width  ; CLK   ; Rise       ; y_present.J|clk      ;
; 17.369 ; 20.000       ; 2.631          ; Port Rate        ; CLK   ; Rise       ; CLK                  ;
+--------+--------------+----------------+------------------+-------+------------+----------------------+


+-----------------------------------------------------------------------+
; Setup Times                                                           ;
+-----------+------------+-------+-------+------------+-----------------+
; Data Port ; Clock Port ; Rise  ; Fall  ; Clock Edge ; Clock Reference ;
+-----------+------------+-------+-------+------------+-----------------+
; READY     ; CLK        ; 4.456 ; 4.456 ; Rise       ; CLK             ;
; SC_CMP    ; CLK        ; 3.960 ; 3.960 ; Rise       ; CLK             ;
; START     ; CLK        ; 0.697 ; 0.697 ; Rise       ; CLK             ;
; TC_LAST   ; CLK        ; 4.881 ; 4.881 ; Rise       ; CLK             ;
+-----------+------------+-------+-------+------------+-----------------+


+-------------------------------------------------------------------------+
; Hold Times                                                              ;
+-----------+------------+--------+--------+------------+-----------------+
; Data Port ; Clock Port ; Rise   ; Fall   ; Clock Edge ; Clock Reference ;
+-----------+------------+--------+--------+------------+-----------------+
; READY     ; CLK        ; -3.759 ; -3.759 ; Rise       ; CLK             ;
; SC_CMP    ; CLK        ; -3.546 ; -3.546 ; Rise       ; CLK             ;
; START     ; CLK        ; -0.100 ; -0.100 ; Rise       ; CLK             ;
; TC_LAST   ; CLK        ; -3.638 ; -3.638 ; Rise       ; CLK             ;
+-----------+------------+--------+--------+------------+-----------------+


+-----------------------------------------------------------------------+
; Clock to Output Times                                                 ;
+-----------+------------+-------+-------+------------+-----------------+
; Data Port ; Clock Port ; Rise  ; Fall  ; Clock Edge ; Clock Reference ;
+-----------+------------+-------+-------+------------+-----------------+
; GR_LD     ; CLK        ; 8.744 ; 8.744 ; Rise       ; CLK             ;
; GR_SEL    ; CLK        ; 7.690 ; 7.690 ; Rise       ; CLK             ;
; P_SEL     ; CLK        ; 7.684 ; 7.684 ; Rise       ; CLK             ;
; SOLVED    ; CLK        ; 7.606 ; 7.606 ; Rise       ; CLK             ;
; SR_LD     ; CLK        ; 7.344 ; 7.344 ; Rise       ; CLK             ;
; SR_SEL    ; CLK        ; 8.744 ; 8.744 ; Rise       ; CLK             ;
; TC_EN     ; CLK        ; 7.642 ; 7.642 ; Rise       ; CLK             ;
; TC_RST    ; CLK        ; 7.361 ; 7.361 ; Rise       ; CLK             ;
; TM_EN     ; CLK        ; 7.666 ; 7.666 ; Rise       ; CLK             ;
; TM_IN     ; CLK        ; 7.335 ; 7.335 ; Rise       ; CLK             ;
+-----------+------------+-------+-------+------------+-----------------+


+-----------------------------------------------------------------------+
; Minimum Clock to Output Times                                         ;
+-----------+------------+-------+-------+------------+-----------------+
; Data Port ; Clock Port ; Rise  ; Fall  ; Clock Edge ; Clock Reference ;
+-----------+------------+-------+-------+------------+-----------------+
; GR_LD     ; CLK        ; 8.744 ; 8.744 ; Rise       ; CLK             ;
; GR_SEL    ; CLK        ; 7.690 ; 7.690 ; Rise       ; CLK             ;
; P_SEL     ; CLK        ; 7.684 ; 7.684 ; Rise       ; CLK             ;
; SOLVED    ; CLK        ; 7.606 ; 7.606 ; Rise       ; CLK             ;
; SR_LD     ; CLK        ; 7.344 ; 7.344 ; Rise       ; CLK             ;
; SR_SEL    ; CLK        ; 8.744 ; 8.744 ; Rise       ; CLK             ;
; TC_EN     ; CLK        ; 7.642 ; 7.642 ; Rise       ; CLK             ;
; TC_RST    ; CLK        ; 7.361 ; 7.361 ; Rise       ; CLK             ;
; TM_EN     ; CLK        ; 7.666 ; 7.666 ; Rise       ; CLK             ;
; TM_IN     ; CLK        ; 7.335 ; 7.335 ; Rise       ; CLK             ;
+-----------+------------+-------+-------+------------+-----------------+


+--------------------------------+
; Fast Model Setup Summary       ;
+-------+--------+---------------+
; Clock ; Slack  ; End Point TNS ;
+-------+--------+---------------+
; CLK   ; 19.129 ; 0.000         ;
+-------+--------+---------------+


+-------------------------------+
; Fast Model Hold Summary       ;
+-------+-------+---------------+
; Clock ; Slack ; End Point TNS ;
+-------+-------+---------------+
; CLK   ; 0.215 ; 0.000         ;
+-------+-------+---------------+


-------------------------------
; Fast Model Recovery Summary ;
-------------------------------
No paths to report.


------------------------------
; Fast Model Removal Summary ;
------------------------------
No paths to report.


+----------------------------------------+
; Fast Model Minimum Pulse Width Summary ;
+-------+-------+------------------------+
; Clock ; Slack ; End Point TNS          ;
+-------+-------+------------------------+
; CLK   ; 9.000 ; 0.000                  ;
+-------+-------+------------------------+


+----------------------------------------------------------------------------------------------------------+
; Fast Model Setup: 'CLK'                                                                                  ;
+--------+-------------+-------------+--------------+-------------+--------------+------------+------------+
; Slack  ; From Node   ; To Node     ; Launch Clock ; Latch Clock ; Relationship ; Clock Skew ; Data Delay ;
+--------+-------------+-------------+--------------+-------------+--------------+------------+------------+
; 19.129 ; y_present.F ; TC_RST~reg0 ; CLK          ; CLK         ; 20.000       ; 0.000      ; 0.903      ;
; 19.136 ; y_present.I ; TC_RST~reg0 ; CLK          ; CLK         ; 20.000       ; -0.001     ; 0.895      ;
; 19.170 ; y_present.J ; y_present.B ; CLK          ; CLK         ; 20.000       ; -0.001     ; 0.861      ;
; 19.179 ; y_present.J ; y_present.A ; CLK          ; CLK         ; 20.000       ; -0.001     ; 0.852      ;
; 19.193 ; y_present.E ; y_present.B ; CLK          ; CLK         ; 20.000       ; 0.000      ; 0.839      ;
; 19.199 ; y_present.B ; y_present.A ; CLK          ; CLK         ; 20.000       ; 0.000      ; 0.833      ;
; 19.206 ; y_present.E ; y_present.A ; CLK          ; CLK         ; 20.000       ; 0.000      ; 0.826      ;
; 19.208 ; y_present.A ; TC_RST~reg0 ; CLK          ; CLK         ; 20.000       ; 0.000      ; 0.824      ;
; 19.208 ; y_present.A ; y_present.B ; CLK          ; CLK         ; 20.000       ; 0.000      ; 0.824      ;
; 19.210 ; y_present.E ; TC_RST~reg0 ; CLK          ; CLK         ; 20.000       ; 0.000      ; 0.822      ;
; 19.212 ; y_present.F ; y_present.A ; CLK          ; CLK         ; 20.000       ; 0.000      ; 0.820      ;
; 19.217 ; y_present.A ; y_present.A ; CLK          ; CLK         ; 20.000       ; 0.000      ; 0.815      ;
; 19.220 ; y_present.C ; y_present.A ; CLK          ; CLK         ; 20.000       ; -0.001     ; 0.811      ;
; 19.222 ; y_present.H ; y_present.G ; CLK          ; CLK         ; 20.000       ; 0.000      ; 0.810      ;
; 19.224 ; y_present.H ; TM_EN~reg0  ; CLK          ; CLK         ; 20.000       ; 0.000      ; 0.808      ;
; 19.227 ; y_present.H ; TC_RST~reg0 ; CLK          ; CLK         ; 20.000       ; -0.001     ; 0.804      ;
; 19.230 ; y_present.H ; y_present.A ; CLK          ; CLK         ; 20.000       ; -0.001     ; 0.801      ;
; 19.237 ; y_present.G ; y_present.B ; CLK          ; CLK         ; 20.000       ; -0.001     ; 0.794      ;
; 19.238 ; y_present.C ; y_present.B ; CLK          ; CLK         ; 20.000       ; -0.001     ; 0.793      ;
; 19.239 ; y_present.C ; y_present.D ; CLK          ; CLK         ; 20.000       ; 0.000      ; 0.793      ;
; 19.243 ; y_present.G ; y_present.A ; CLK          ; CLK         ; 20.000       ; -0.001     ; 0.788      ;
; 19.245 ; y_present.D ; y_present.D ; CLK          ; CLK         ; 20.000       ; 0.000      ; 0.787      ;
; 19.248 ; y_present.H ; y_present.B ; CLK          ; CLK         ; 20.000       ; -0.001     ; 0.783      ;
; 19.252 ; y_present.D ; y_present.B ; CLK          ; CLK         ; 20.000       ; -0.001     ; 0.779      ;
; 19.257 ; y_present.D ; y_present.A ; CLK          ; CLK         ; 20.000       ; -0.001     ; 0.774      ;
; 19.275 ; y_present.B ; TC_RST~reg0 ; CLK          ; CLK         ; 20.000       ; 0.000      ; 0.757      ;
; 19.277 ; y_present.B ; y_present.B ; CLK          ; CLK         ; 20.000       ; 0.000      ; 0.755      ;
; 19.291 ; y_present.I ; y_present.G ; CLK          ; CLK         ; 20.000       ; 0.000      ; 0.741      ;
; 19.293 ; y_present.I ; TM_EN~reg0  ; CLK          ; CLK         ; 20.000       ; 0.000      ; 0.739      ;
; 19.300 ; y_present.I ; y_present.A ; CLK          ; CLK         ; 20.000       ; -0.001     ; 0.731      ;
; 19.318 ; y_present.I ; y_present.B ; CLK          ; CLK         ; 20.000       ; -0.001     ; 0.713      ;
; 19.340 ; TC_RST~reg0 ; TC_RST~reg0 ; CLK          ; CLK         ; 20.000       ; 0.000      ; 0.692      ;
; 19.405 ; y_present.E ; y_present.D ; CLK          ; CLK         ; 20.000       ; 0.001      ; 0.628      ;
; 19.411 ; y_present.E ; SR_LD~reg0  ; CLK          ; CLK         ; 20.000       ; 0.001      ; 0.622      ;
; 19.412 ; y_present.E ; y_present.G ; CLK          ; CLK         ; 20.000       ; 0.001      ; 0.621      ;
; 19.418 ; y_present.J ; y_present.F ; CLK          ; CLK         ; 20.000       ; -0.001     ; 0.613      ;
; 19.418 ; y_present.D ; P_SEL~reg0  ; CLK          ; CLK         ; 20.000       ; 0.000      ; 0.614      ;
; 19.419 ; y_present.D ; GR_LD~reg0  ; CLK          ; CLK         ; 20.000       ; 0.000      ; 0.613      ;
; 19.419 ; y_present.D ; GR_SEL~reg0 ; CLK          ; CLK         ; 20.000       ; 0.000      ; 0.613      ;
; 19.433 ; y_present.B ; y_present.C ; CLK          ; CLK         ; 20.000       ; 0.001      ; 0.600      ;
; 19.483 ; y_present.G ; y_present.H ; CLK          ; CLK         ; 20.000       ; 0.000      ; 0.549      ;
; 19.483 ; y_present.G ; TC_EN~reg0  ; CLK          ; CLK         ; 20.000       ; 0.000      ; 0.549      ;
; 19.485 ; y_present.G ; y_present.I ; CLK          ; CLK         ; 20.000       ; 0.000      ; 0.547      ;
; 19.487 ; y_present.J ; TC_RST~reg0 ; CLK          ; CLK         ; 20.000       ; -0.001     ; 0.544      ;
; 19.491 ; y_present.G ; y_present.J ; CLK          ; CLK         ; 20.000       ; 0.000      ; 0.541      ;
; 19.494 ; y_present.C ; TM_IN~reg0  ; CLK          ; CLK         ; 20.000       ; 0.000      ; 0.538      ;
; 19.494 ; y_present.J ; y_present.D ; CLK          ; CLK         ; 20.000       ; 0.000      ; 0.538      ;
; 19.494 ; y_present.J ; SR_LD~reg0  ; CLK          ; CLK         ; 20.000       ; 0.000      ; 0.538      ;
; 19.494 ; y_present.J ; GR_LD~reg0  ; CLK          ; CLK         ; 20.000       ; 0.000      ; 0.538      ;
; 19.495 ; y_present.C ; TM_EN~reg0  ; CLK          ; CLK         ; 20.000       ; 0.000      ; 0.537      ;
; 19.495 ; y_present.C ; TC_EN~reg0  ; CLK          ; CLK         ; 20.000       ; 0.000      ; 0.537      ;
; 19.497 ; y_present.E ; y_present.F ; CLK          ; CLK         ; 20.000       ; 0.000      ; 0.535      ;
; 19.498 ; y_present.J ; GR_SEL~reg0 ; CLK          ; CLK         ; 20.000       ; 0.000      ; 0.534      ;
; 19.502 ; y_present.H ; TM_IN~reg0  ; CLK          ; CLK         ; 20.000       ; 0.000      ; 0.530      ;
; 19.503 ; y_present.J ; P_SEL~reg0  ; CLK          ; CLK         ; 20.000       ; 0.000      ; 0.529      ;
; 19.512 ; y_present.F ; SOLVED~reg0 ; CLK          ; CLK         ; 20.000       ; 0.000      ; 0.520      ;
; 19.546 ; y_present.D ; TC_RST~reg0 ; CLK          ; CLK         ; 20.000       ; -0.001     ; 0.485      ;
; 19.547 ; y_present.D ; y_present.E ; CLK          ; CLK         ; 20.000       ; -0.001     ; 0.484      ;
; 19.556 ; y_present.I ; TM_IN~reg0  ; CLK          ; CLK         ; 20.000       ; 0.000      ; 0.476      ;
; 19.601 ; y_present.G ; TM_EN~reg0  ; CLK          ; CLK         ; 20.000       ; 0.000      ; 0.431      ;
; 19.601 ; y_present.G ; SR_LD~reg0  ; CLK          ; CLK         ; 20.000       ; 0.000      ; 0.431      ;
; 19.601 ; y_present.G ; GR_LD~reg0  ; CLK          ; CLK         ; 20.000       ; 0.000      ; 0.431      ;
; 19.604 ; y_present.G ; y_present.D ; CLK          ; CLK         ; 20.000       ; 0.000      ; 0.428      ;
; 19.608 ; y_present.G ; P_SEL~reg0  ; CLK          ; CLK         ; 20.000       ; 0.000      ; 0.424      ;
; 19.624 ; y_present.J ; y_present.G ; CLK          ; CLK         ; 20.000       ; 0.000      ; 0.408      ;
; 19.625 ; y_present.A ; SOLVED~reg0 ; CLK          ; CLK         ; 20.000       ; 0.000      ; 0.407      ;
; 19.665 ; TM_EN~reg0  ; TM_EN~reg0  ; CLK          ; CLK         ; 20.000       ; 0.000      ; 0.367      ;
; 19.665 ; SR_LD~reg0  ; SR_LD~reg0  ; CLK          ; CLK         ; 20.000       ; 0.000      ; 0.367      ;
; 19.665 ; y_present.F ; y_present.F ; CLK          ; CLK         ; 20.000       ; 0.000      ; 0.367      ;
; 19.665 ; P_SEL~reg0  ; P_SEL~reg0  ; CLK          ; CLK         ; 20.000       ; 0.000      ; 0.367      ;
; 19.665 ; GR_LD~reg0  ; GR_LD~reg0  ; CLK          ; CLK         ; 20.000       ; 0.000      ; 0.367      ;
; 19.665 ; GR_SEL~reg0 ; GR_SEL~reg0 ; CLK          ; CLK         ; 20.000       ; 0.000      ; 0.367      ;
; 19.665 ; y_present.C ; y_present.C ; CLK          ; CLK         ; 20.000       ; 0.000      ; 0.367      ;
; 19.665 ; TC_EN~reg0  ; TC_EN~reg0  ; CLK          ; CLK         ; 20.000       ; 0.000      ; 0.367      ;
; 19.665 ; TM_IN~reg0  ; TM_IN~reg0  ; CLK          ; CLK         ; 20.000       ; 0.000      ; 0.367      ;
; 19.665 ; SOLVED~reg0 ; SOLVED~reg0 ; CLK          ; CLK         ; 20.000       ; 0.000      ; 0.367      ;
+--------+-------------+-------------+--------------+-------------+--------------+------------+------------+


+---------------------------------------------------------------------------------------------------------+
; Fast Model Hold: 'CLK'                                                                                  ;
+-------+-------------+-------------+--------------+-------------+--------------+------------+------------+
; Slack ; From Node   ; To Node     ; Launch Clock ; Latch Clock ; Relationship ; Clock Skew ; Data Delay ;
+-------+-------------+-------------+--------------+-------------+--------------+------------+------------+
; 0.215 ; y_present.F ; y_present.F ; CLK          ; CLK         ; 0.000        ; 0.000      ; 0.367      ;
; 0.215 ; y_present.C ; y_present.C ; CLK          ; CLK         ; 0.000        ; 0.000      ; 0.367      ;
; 0.215 ; GR_LD~reg0  ; GR_LD~reg0  ; CLK          ; CLK         ; 0.000        ; 0.000      ; 0.367      ;
; 0.215 ; P_SEL~reg0  ; P_SEL~reg0  ; CLK          ; CLK         ; 0.000        ; 0.000      ; 0.367      ;
; 0.215 ; GR_SEL~reg0 ; GR_SEL~reg0 ; CLK          ; CLK         ; 0.000        ; 0.000      ; 0.367      ;
; 0.215 ; SR_LD~reg0  ; SR_LD~reg0  ; CLK          ; CLK         ; 0.000        ; 0.000      ; 0.367      ;
; 0.215 ; TM_IN~reg0  ; TM_IN~reg0  ; CLK          ; CLK         ; 0.000        ; 0.000      ; 0.367      ;
; 0.215 ; TM_EN~reg0  ; TM_EN~reg0  ; CLK          ; CLK         ; 0.000        ; 0.000      ; 0.367      ;
; 0.215 ; TC_EN~reg0  ; TC_EN~reg0  ; CLK          ; CLK         ; 0.000        ; 0.000      ; 0.367      ;
; 0.215 ; SOLVED~reg0 ; SOLVED~reg0 ; CLK          ; CLK         ; 0.000        ; 0.000      ; 0.367      ;
; 0.255 ; y_present.A ; SOLVED~reg0 ; CLK          ; CLK         ; 0.000        ; 0.000      ; 0.407      ;
; 0.256 ; y_present.J ; y_present.G ; CLK          ; CLK         ; 0.000        ; 0.000      ; 0.408      ;
; 0.272 ; y_present.G ; P_SEL~reg0  ; CLK          ; CLK         ; 0.000        ; 0.000      ; 0.424      ;
; 0.276 ; y_present.G ; y_present.D ; CLK          ; CLK         ; 0.000        ; 0.000      ; 0.428      ;
; 0.279 ; y_present.G ; GR_LD~reg0  ; CLK          ; CLK         ; 0.000        ; 0.000      ; 0.431      ;
; 0.279 ; y_present.G ; SR_LD~reg0  ; CLK          ; CLK         ; 0.000        ; 0.000      ; 0.431      ;
; 0.279 ; y_present.G ; TM_EN~reg0  ; CLK          ; CLK         ; 0.000        ; 0.000      ; 0.431      ;
; 0.324 ; y_present.I ; TM_IN~reg0  ; CLK          ; CLK         ; 0.000        ; 0.000      ; 0.476      ;
; 0.333 ; y_present.D ; y_present.E ; CLK          ; CLK         ; 0.000        ; -0.001     ; 0.484      ;
; 0.334 ; y_present.D ; TC_RST~reg0 ; CLK          ; CLK         ; 0.000        ; -0.001     ; 0.485      ;
; 0.368 ; y_present.F ; SOLVED~reg0 ; CLK          ; CLK         ; 0.000        ; 0.000      ; 0.520      ;
; 0.377 ; y_present.J ; P_SEL~reg0  ; CLK          ; CLK         ; 0.000        ; 0.000      ; 0.529      ;
; 0.378 ; y_present.H ; TM_IN~reg0  ; CLK          ; CLK         ; 0.000        ; 0.000      ; 0.530      ;
; 0.382 ; y_present.J ; GR_SEL~reg0 ; CLK          ; CLK         ; 0.000        ; 0.000      ; 0.534      ;
; 0.383 ; y_present.E ; y_present.F ; CLK          ; CLK         ; 0.000        ; 0.000      ; 0.535      ;
; 0.385 ; y_present.C ; TM_EN~reg0  ; CLK          ; CLK         ; 0.000        ; 0.000      ; 0.537      ;
; 0.385 ; y_present.C ; TC_EN~reg0  ; CLK          ; CLK         ; 0.000        ; 0.000      ; 0.537      ;
; 0.386 ; y_present.J ; GR_LD~reg0  ; CLK          ; CLK         ; 0.000        ; 0.000      ; 0.538      ;
; 0.386 ; y_present.J ; SR_LD~reg0  ; CLK          ; CLK         ; 0.000        ; 0.000      ; 0.538      ;
; 0.386 ; y_present.C ; TM_IN~reg0  ; CLK          ; CLK         ; 0.000        ; 0.000      ; 0.538      ;
; 0.386 ; y_present.J ; y_present.D ; CLK          ; CLK         ; 0.000        ; 0.000      ; 0.538      ;
; 0.389 ; y_present.G ; y_present.J ; CLK          ; CLK         ; 0.000        ; 0.000      ; 0.541      ;
; 0.393 ; y_present.J ; TC_RST~reg0 ; CLK          ; CLK         ; 0.000        ; -0.001     ; 0.544      ;
; 0.395 ; y_present.G ; y_present.I ; CLK          ; CLK         ; 0.000        ; 0.000      ; 0.547      ;
; 0.397 ; y_present.G ; y_present.H ; CLK          ; CLK         ; 0.000        ; 0.000      ; 0.549      ;
; 0.397 ; y_present.G ; TC_EN~reg0  ; CLK          ; CLK         ; 0.000        ; 0.000      ; 0.549      ;
; 0.447 ; y_present.B ; y_present.C ; CLK          ; CLK         ; 0.000        ; 0.001      ; 0.600      ;
; 0.461 ; y_present.D ; GR_LD~reg0  ; CLK          ; CLK         ; 0.000        ; 0.000      ; 0.613      ;
; 0.461 ; y_present.D ; GR_SEL~reg0 ; CLK          ; CLK         ; 0.000        ; 0.000      ; 0.613      ;
; 0.462 ; y_present.J ; y_present.F ; CLK          ; CLK         ; 0.000        ; -0.001     ; 0.613      ;
; 0.462 ; y_present.D ; P_SEL~reg0  ; CLK          ; CLK         ; 0.000        ; 0.000      ; 0.614      ;
; 0.468 ; y_present.E ; y_present.G ; CLK          ; CLK         ; 0.000        ; 0.001      ; 0.621      ;
; 0.469 ; y_present.E ; SR_LD~reg0  ; CLK          ; CLK         ; 0.000        ; 0.001      ; 0.622      ;
; 0.475 ; y_present.E ; y_present.D ; CLK          ; CLK         ; 0.000        ; 0.001      ; 0.628      ;
; 0.532 ; TC_RST~reg0 ; TC_RST~reg0 ; CLK          ; CLK         ; 0.000        ; 0.000      ; 0.684      ;
; 0.562 ; y_present.I ; y_present.B ; CLK          ; CLK         ; 0.000        ; -0.001     ; 0.713      ;
; 0.580 ; y_present.I ; y_present.A ; CLK          ; CLK         ; 0.000        ; -0.001     ; 0.731      ;
; 0.587 ; y_present.I ; TM_EN~reg0  ; CLK          ; CLK         ; 0.000        ; 0.000      ; 0.739      ;
; 0.589 ; y_present.I ; y_present.G ; CLK          ; CLK         ; 0.000        ; 0.000      ; 0.741      ;
; 0.603 ; y_present.B ; y_present.B ; CLK          ; CLK         ; 0.000        ; 0.000      ; 0.755      ;
; 0.605 ; y_present.B ; TC_RST~reg0 ; CLK          ; CLK         ; 0.000        ; 0.000      ; 0.757      ;
; 0.623 ; y_present.D ; y_present.A ; CLK          ; CLK         ; 0.000        ; -0.001     ; 0.774      ;
; 0.628 ; y_present.D ; y_present.B ; CLK          ; CLK         ; 0.000        ; -0.001     ; 0.779      ;
; 0.632 ; y_present.H ; y_present.B ; CLK          ; CLK         ; 0.000        ; -0.001     ; 0.783      ;
; 0.635 ; y_present.D ; y_present.D ; CLK          ; CLK         ; 0.000        ; 0.000      ; 0.787      ;
; 0.637 ; y_present.G ; y_present.A ; CLK          ; CLK         ; 0.000        ; -0.001     ; 0.788      ;
; 0.641 ; y_present.C ; y_present.D ; CLK          ; CLK         ; 0.000        ; 0.000      ; 0.793      ;
; 0.642 ; y_present.C ; y_present.B ; CLK          ; CLK         ; 0.000        ; -0.001     ; 0.793      ;
; 0.643 ; y_present.G ; y_present.B ; CLK          ; CLK         ; 0.000        ; -0.001     ; 0.794      ;
; 0.650 ; y_present.H ; y_present.A ; CLK          ; CLK         ; 0.000        ; -0.001     ; 0.801      ;
; 0.653 ; y_present.H ; TC_RST~reg0 ; CLK          ; CLK         ; 0.000        ; -0.001     ; 0.804      ;
; 0.656 ; y_present.H ; TM_EN~reg0  ; CLK          ; CLK         ; 0.000        ; 0.000      ; 0.808      ;
; 0.658 ; y_present.H ; y_present.G ; CLK          ; CLK         ; 0.000        ; 0.000      ; 0.810      ;
; 0.660 ; y_present.C ; y_present.A ; CLK          ; CLK         ; 0.000        ; -0.001     ; 0.811      ;
; 0.663 ; y_present.A ; y_present.A ; CLK          ; CLK         ; 0.000        ; 0.000      ; 0.815      ;
; 0.668 ; y_present.F ; y_present.A ; CLK          ; CLK         ; 0.000        ; 0.000      ; 0.820      ;
; 0.670 ; y_present.E ; TC_RST~reg0 ; CLK          ; CLK         ; 0.000        ; 0.000      ; 0.822      ;
; 0.672 ; y_present.A ; TC_RST~reg0 ; CLK          ; CLK         ; 0.000        ; 0.000      ; 0.824      ;
; 0.672 ; y_present.A ; y_present.B ; CLK          ; CLK         ; 0.000        ; 0.000      ; 0.824      ;
; 0.674 ; y_present.E ; y_present.A ; CLK          ; CLK         ; 0.000        ; 0.000      ; 0.826      ;
; 0.681 ; y_present.B ; y_present.A ; CLK          ; CLK         ; 0.000        ; 0.000      ; 0.833      ;
; 0.687 ; y_present.E ; y_present.B ; CLK          ; CLK         ; 0.000        ; 0.000      ; 0.839      ;
; 0.701 ; y_present.J ; y_present.A ; CLK          ; CLK         ; 0.000        ; -0.001     ; 0.852      ;
; 0.710 ; y_present.J ; y_present.B ; CLK          ; CLK         ; 0.000        ; -0.001     ; 0.861      ;
; 0.744 ; y_present.I ; TC_RST~reg0 ; CLK          ; CLK         ; 0.000        ; -0.001     ; 0.895      ;
; 0.751 ; y_present.F ; TC_RST~reg0 ; CLK          ; CLK         ; 0.000        ; 0.000      ; 0.903      ;
+-------+-------------+-------------+--------------+-------------+--------------+------------+------------+


+-------------------------------------------------------------------------------------------------------+
; Fast Model Minimum Pulse Width: 'CLK'                                                                 ;
+--------+--------------+----------------+------------------+-------+------------+----------------------+
; Slack  ; Actual Width ; Required Width ; Type             ; Clock ; Clock Edge ; Target               ;
+--------+--------------+----------------+------------------+-------+------------+----------------------+
; 9.000  ; 10.000       ; 1.000          ; High Pulse Width ; CLK   ; Rise       ; GR_LD~reg0           ;
; 9.000  ; 10.000       ; 1.000          ; Low Pulse Width  ; CLK   ; Rise       ; GR_LD~reg0           ;
; 9.000  ; 10.000       ; 1.000          ; High Pulse Width ; CLK   ; Rise       ; GR_SEL~reg0          ;
; 9.000  ; 10.000       ; 1.000          ; Low Pulse Width  ; CLK   ; Rise       ; GR_SEL~reg0          ;
; 9.000  ; 10.000       ; 1.000          ; High Pulse Width ; CLK   ; Rise       ; P_SEL~reg0           ;
; 9.000  ; 10.000       ; 1.000          ; Low Pulse Width  ; CLK   ; Rise       ; P_SEL~reg0           ;
; 9.000  ; 10.000       ; 1.000          ; High Pulse Width ; CLK   ; Rise       ; SOLVED~reg0          ;
; 9.000  ; 10.000       ; 1.000          ; Low Pulse Width  ; CLK   ; Rise       ; SOLVED~reg0          ;
; 9.000  ; 10.000       ; 1.000          ; High Pulse Width ; CLK   ; Rise       ; SR_LD~reg0           ;
; 9.000  ; 10.000       ; 1.000          ; Low Pulse Width  ; CLK   ; Rise       ; SR_LD~reg0           ;
; 9.000  ; 10.000       ; 1.000          ; High Pulse Width ; CLK   ; Rise       ; TC_EN~reg0           ;
; 9.000  ; 10.000       ; 1.000          ; Low Pulse Width  ; CLK   ; Rise       ; TC_EN~reg0           ;
; 9.000  ; 10.000       ; 1.000          ; High Pulse Width ; CLK   ; Rise       ; TC_RST~reg0          ;
; 9.000  ; 10.000       ; 1.000          ; Low Pulse Width  ; CLK   ; Rise       ; TC_RST~reg0          ;
; 9.000  ; 10.000       ; 1.000          ; High Pulse Width ; CLK   ; Rise       ; TM_EN~reg0           ;
; 9.000  ; 10.000       ; 1.000          ; Low Pulse Width  ; CLK   ; Rise       ; TM_EN~reg0           ;
; 9.000  ; 10.000       ; 1.000          ; High Pulse Width ; CLK   ; Rise       ; TM_IN~reg0           ;
; 9.000  ; 10.000       ; 1.000          ; Low Pulse Width  ; CLK   ; Rise       ; TM_IN~reg0           ;
; 9.000  ; 10.000       ; 1.000          ; High Pulse Width ; CLK   ; Rise       ; y_present.A          ;
; 9.000  ; 10.000       ; 1.000          ; Low Pulse Width  ; CLK   ; Rise       ; y_present.A          ;
; 9.000  ; 10.000       ; 1.000          ; High Pulse Width ; CLK   ; Rise       ; y_present.B          ;
; 9.000  ; 10.000       ; 1.000          ; Low Pulse Width  ; CLK   ; Rise       ; y_present.B          ;
; 9.000  ; 10.000       ; 1.000          ; High Pulse Width ; CLK   ; Rise       ; y_present.C          ;
; 9.000  ; 10.000       ; 1.000          ; Low Pulse Width  ; CLK   ; Rise       ; y_present.C          ;
; 9.000  ; 10.000       ; 1.000          ; High Pulse Width ; CLK   ; Rise       ; y_present.D          ;
; 9.000  ; 10.000       ; 1.000          ; Low Pulse Width  ; CLK   ; Rise       ; y_present.D          ;
; 9.000  ; 10.000       ; 1.000          ; High Pulse Width ; CLK   ; Rise       ; y_present.E          ;
; 9.000  ; 10.000       ; 1.000          ; Low Pulse Width  ; CLK   ; Rise       ; y_present.E          ;
; 9.000  ; 10.000       ; 1.000          ; High Pulse Width ; CLK   ; Rise       ; y_present.F          ;
; 9.000  ; 10.000       ; 1.000          ; Low Pulse Width  ; CLK   ; Rise       ; y_present.F          ;
; 9.000  ; 10.000       ; 1.000          ; High Pulse Width ; CLK   ; Rise       ; y_present.G          ;
; 9.000  ; 10.000       ; 1.000          ; Low Pulse Width  ; CLK   ; Rise       ; y_present.G          ;
; 9.000  ; 10.000       ; 1.000          ; High Pulse Width ; CLK   ; Rise       ; y_present.H          ;
; 9.000  ; 10.000       ; 1.000          ; Low Pulse Width  ; CLK   ; Rise       ; y_present.H          ;
; 9.000  ; 10.000       ; 1.000          ; High Pulse Width ; CLK   ; Rise       ; y_present.I          ;
; 9.000  ; 10.000       ; 1.000          ; Low Pulse Width  ; CLK   ; Rise       ; y_present.I          ;
; 9.000  ; 10.000       ; 1.000          ; High Pulse Width ; CLK   ; Rise       ; y_present.J          ;
; 9.000  ; 10.000       ; 1.000          ; Low Pulse Width  ; CLK   ; Rise       ; y_present.J          ;
; 10.000 ; 10.000       ; 0.000          ; High Pulse Width ; CLK   ; Rise       ; CLK|combout          ;
; 10.000 ; 10.000       ; 0.000          ; Low Pulse Width  ; CLK   ; Rise       ; CLK|combout          ;
; 10.000 ; 10.000       ; 0.000          ; High Pulse Width ; CLK   ; Rise       ; CLK~clkctrl|inclk[0] ;
; 10.000 ; 10.000       ; 0.000          ; Low Pulse Width  ; CLK   ; Rise       ; CLK~clkctrl|inclk[0] ;
; 10.000 ; 10.000       ; 0.000          ; High Pulse Width ; CLK   ; Rise       ; CLK~clkctrl|outclk   ;
; 10.000 ; 10.000       ; 0.000          ; Low Pulse Width  ; CLK   ; Rise       ; CLK~clkctrl|outclk   ;
; 10.000 ; 10.000       ; 0.000          ; High Pulse Width ; CLK   ; Rise       ; GR_LD~reg0|clk       ;
; 10.000 ; 10.000       ; 0.000          ; Low Pulse Width  ; CLK   ; Rise       ; GR_LD~reg0|clk       ;
; 10.000 ; 10.000       ; 0.000          ; High Pulse Width ; CLK   ; Rise       ; GR_SEL~reg0|clk      ;
; 10.000 ; 10.000       ; 0.000          ; Low Pulse Width  ; CLK   ; Rise       ; GR_SEL~reg0|clk      ;
; 10.000 ; 10.000       ; 0.000          ; High Pulse Width ; CLK   ; Rise       ; P_SEL~reg0|clk       ;
; 10.000 ; 10.000       ; 0.000          ; Low Pulse Width  ; CLK   ; Rise       ; P_SEL~reg0|clk       ;
; 10.000 ; 10.000       ; 0.000          ; High Pulse Width ; CLK   ; Rise       ; SOLVED~reg0|clk      ;
; 10.000 ; 10.000       ; 0.000          ; Low Pulse Width  ; CLK   ; Rise       ; SOLVED~reg0|clk      ;
; 10.000 ; 10.000       ; 0.000          ; High Pulse Width ; CLK   ; Rise       ; SR_LD~reg0|clk       ;
; 10.000 ; 10.000       ; 0.000          ; Low Pulse Width  ; CLK   ; Rise       ; SR_LD~reg0|clk       ;
; 10.000 ; 10.000       ; 0.000          ; High Pulse Width ; CLK   ; Rise       ; TC_EN~reg0|clk       ;
; 10.000 ; 10.000       ; 0.000          ; Low Pulse Width  ; CLK   ; Rise       ; TC_EN~reg0|clk       ;
; 10.000 ; 10.000       ; 0.000          ; High Pulse Width ; CLK   ; Rise       ; TC_RST~reg0|clk      ;
; 10.000 ; 10.000       ; 0.000          ; Low Pulse Width  ; CLK   ; Rise       ; TC_RST~reg0|clk      ;
; 10.000 ; 10.000       ; 0.000          ; High Pulse Width ; CLK   ; Rise       ; TM_EN~reg0|clk       ;
; 10.000 ; 10.000       ; 0.000          ; Low Pulse Width  ; CLK   ; Rise       ; TM_EN~reg0|clk       ;
; 10.000 ; 10.000       ; 0.000          ; High Pulse Width ; CLK   ; Rise       ; TM_IN~reg0|clk       ;
; 10.000 ; 10.000       ; 0.000          ; Low Pulse Width  ; CLK   ; Rise       ; TM_IN~reg0|clk       ;
; 10.000 ; 10.000       ; 0.000          ; High Pulse Width ; CLK   ; Rise       ; y_present.A|clk      ;
; 10.000 ; 10.000       ; 0.000          ; Low Pulse Width  ; CLK   ; Rise       ; y_present.A|clk      ;
; 10.000 ; 10.000       ; 0.000          ; High Pulse Width ; CLK   ; Rise       ; y_present.B|clk      ;
; 10.000 ; 10.000       ; 0.000          ; Low Pulse Width  ; CLK   ; Rise       ; y_present.B|clk      ;
; 10.000 ; 10.000       ; 0.000          ; High Pulse Width ; CLK   ; Rise       ; y_present.C|clk      ;
; 10.000 ; 10.000       ; 0.000          ; Low Pulse Width  ; CLK   ; Rise       ; y_present.C|clk      ;
; 10.000 ; 10.000       ; 0.000          ; High Pulse Width ; CLK   ; Rise       ; y_present.D|clk      ;
; 10.000 ; 10.000       ; 0.000          ; Low Pulse Width  ; CLK   ; Rise       ; y_present.D|clk      ;
; 10.000 ; 10.000       ; 0.000          ; High Pulse Width ; CLK   ; Rise       ; y_present.E|clk      ;
; 10.000 ; 10.000       ; 0.000          ; Low Pulse Width  ; CLK   ; Rise       ; y_present.E|clk      ;
; 10.000 ; 10.000       ; 0.000          ; High Pulse Width ; CLK   ; Rise       ; y_present.F|clk      ;
; 10.000 ; 10.000       ; 0.000          ; Low Pulse Width  ; CLK   ; Rise       ; y_present.F|clk      ;
; 10.000 ; 10.000       ; 0.000          ; High Pulse Width ; CLK   ; Rise       ; y_present.G|clk      ;
; 10.000 ; 10.000       ; 0.000          ; Low Pulse Width  ; CLK   ; Rise       ; y_present.G|clk      ;
; 10.000 ; 10.000       ; 0.000          ; High Pulse Width ; CLK   ; Rise       ; y_present.H|clk      ;
; 10.000 ; 10.000       ; 0.000          ; Low Pulse Width  ; CLK   ; Rise       ; y_present.H|clk      ;
; 10.000 ; 10.000       ; 0.000          ; High Pulse Width ; CLK   ; Rise       ; y_present.I|clk      ;
; 10.000 ; 10.000       ; 0.000          ; Low Pulse Width  ; CLK   ; Rise       ; y_present.I|clk      ;
; 10.000 ; 10.000       ; 0.000          ; High Pulse Width ; CLK   ; Rise       ; y_present.J|clk      ;
; 10.000 ; 10.000       ; 0.000          ; Low Pulse Width  ; CLK   ; Rise       ; y_present.J|clk      ;
; 17.620 ; 20.000       ; 2.380          ; Port Rate        ; CLK   ; Rise       ; CLK                  ;
+--------+--------------+----------------+------------------+-------+------------+----------------------+


+-------------------------------------------------------------------------+
; Setup Times                                                             ;
+-----------+------------+--------+--------+------------+-----------------+
; Data Port ; Clock Port ; Rise   ; Fall   ; Clock Edge ; Clock Reference ;
+-----------+------------+--------+--------+------------+-----------------+
; READY     ; CLK        ; 2.016  ; 2.016  ; Rise       ; CLK             ;
; SC_CMP    ; CLK        ; 1.825  ; 1.825  ; Rise       ; CLK             ;
; START     ; CLK        ; -0.094 ; -0.094 ; Rise       ; CLK             ;
; TC_LAST   ; CLK        ; 2.155  ; 2.155  ; Rise       ; CLK             ;
+-----------+------------+--------+--------+------------+-----------------+


+-------------------------------------------------------------------------+
; Hold Times                                                              ;
+-----------+------------+--------+--------+------------+-----------------+
; Data Port ; Clock Port ; Rise   ; Fall   ; Clock Edge ; Clock Reference ;
+-----------+------------+--------+--------+------------+-----------------+
; READY     ; CLK        ; -1.725 ; -1.725 ; Rise       ; CLK             ;
; SC_CMP    ; CLK        ; -1.617 ; -1.617 ; Rise       ; CLK             ;
; START     ; CLK        ; 0.432  ; 0.432  ; Rise       ; CLK             ;
; TC_LAST   ; CLK        ; -1.652 ; -1.652 ; Rise       ; CLK             ;
+-----------+------------+--------+--------+------------+-----------------+


+-----------------------------------------------------------------------+
; Clock to Output Times                                                 ;
+-----------+------------+-------+-------+------------+-----------------+
; Data Port ; Clock Port ; Rise  ; Fall  ; Clock Edge ; Clock Reference ;
+-----------+------------+-------+-------+------------+-----------------+
; GR_LD     ; CLK        ; 4.451 ; 4.451 ; Rise       ; CLK             ;
; GR_SEL    ; CLK        ; 4.015 ; 4.015 ; Rise       ; CLK             ;
; P_SEL     ; CLK        ; 4.017 ; 4.017 ; Rise       ; CLK             ;
; SOLVED    ; CLK        ; 4.059 ; 4.059 ; Rise       ; CLK             ;
; SR_LD     ; CLK        ; 3.886 ; 3.886 ; Rise       ; CLK             ;
; SR_SEL    ; CLK        ; 4.451 ; 4.451 ; Rise       ; CLK             ;
; TC_EN     ; CLK        ; 4.081 ; 4.081 ; Rise       ; CLK             ;
; TC_RST    ; CLK        ; 3.893 ; 3.893 ; Rise       ; CLK             ;
; TM_EN     ; CLK        ; 3.995 ; 3.995 ; Rise       ; CLK             ;
; TM_IN     ; CLK        ; 3.885 ; 3.885 ; Rise       ; CLK             ;
+-----------+------------+-------+-------+------------+-----------------+


+-----------------------------------------------------------------------+
; Minimum Clock to Output Times                                         ;
+-----------+------------+-------+-------+------------+-----------------+
; Data Port ; Clock Port ; Rise  ; Fall  ; Clock Edge ; Clock Reference ;
+-----------+------------+-------+-------+------------+-----------------+
; GR_LD     ; CLK        ; 4.451 ; 4.451 ; Rise       ; CLK             ;
; GR_SEL    ; CLK        ; 4.015 ; 4.015 ; Rise       ; CLK             ;
; P_SEL     ; CLK        ; 4.017 ; 4.017 ; Rise       ; CLK             ;
; SOLVED    ; CLK        ; 4.059 ; 4.059 ; Rise       ; CLK             ;
; SR_LD     ; CLK        ; 3.886 ; 3.886 ; Rise       ; CLK             ;
; SR_SEL    ; CLK        ; 4.451 ; 4.451 ; Rise       ; CLK             ;
; TC_EN     ; CLK        ; 4.081 ; 4.081 ; Rise       ; CLK             ;
; TC_RST    ; CLK        ; 3.893 ; 3.893 ; Rise       ; CLK             ;
; TM_EN     ; CLK        ; 3.995 ; 3.995 ; Rise       ; CLK             ;
; TM_IN     ; CLK        ; 3.885 ; 3.885 ; Rise       ; CLK             ;
+-----------+------------+-------+-------+------------+-----------------+


+------------------------------------------------------------------------------+
; Multicorner Timing Analysis Summary                                          ;
+------------------+--------+-------+----------+---------+---------------------+
; Clock            ; Setup  ; Hold  ; Recovery ; Removal ; Minimum Pulse Width ;
+------------------+--------+-------+----------+---------+---------------------+
; Worst-case Slack ; 17.637 ; 0.215 ; N/A      ; N/A     ; 8.889               ;
;  CLK             ; 17.637 ; 0.215 ; N/A      ; N/A     ; 8.889               ;
; Design-wide TNS  ; 0.0    ; 0.0   ; 0.0      ; 0.0     ; 0.0                 ;
;  CLK             ; 0.000  ; 0.000 ; N/A      ; N/A     ; 0.000               ;
+------------------+--------+-------+----------+---------+---------------------+


+-----------------------------------------------------------------------+
; Setup Times                                                           ;
+-----------+------------+-------+-------+------------+-----------------+
; Data Port ; Clock Port ; Rise  ; Fall  ; Clock Edge ; Clock Reference ;
+-----------+------------+-------+-------+------------+-----------------+
; READY     ; CLK        ; 4.456 ; 4.456 ; Rise       ; CLK             ;
; SC_CMP    ; CLK        ; 3.960 ; 3.960 ; Rise       ; CLK             ;
; START     ; CLK        ; 0.697 ; 0.697 ; Rise       ; CLK             ;
; TC_LAST   ; CLK        ; 4.881 ; 4.881 ; Rise       ; CLK             ;
+-----------+------------+-------+-------+------------+-----------------+


+-------------------------------------------------------------------------+
; Hold Times                                                              ;
+-----------+------------+--------+--------+------------+-----------------+
; Data Port ; Clock Port ; Rise   ; Fall   ; Clock Edge ; Clock Reference ;
+-----------+------------+--------+--------+------------+-----------------+
; READY     ; CLK        ; -1.725 ; -1.725 ; Rise       ; CLK             ;
; SC_CMP    ; CLK        ; -1.617 ; -1.617 ; Rise       ; CLK             ;
; START     ; CLK        ; 0.432  ; 0.432  ; Rise       ; CLK             ;
; TC_LAST   ; CLK        ; -1.652 ; -1.652 ; Rise       ; CLK             ;
+-----------+------------+--------+--------+------------+-----------------+


+-----------------------------------------------------------------------+
; Clock to Output Times                                                 ;
+-----------+------------+-------+-------+------------+-----------------+
; Data Port ; Clock Port ; Rise  ; Fall  ; Clock Edge ; Clock Reference ;
+-----------+------------+-------+-------+------------+-----------------+
; GR_LD     ; CLK        ; 8.744 ; 8.744 ; Rise       ; CLK             ;
; GR_SEL    ; CLK        ; 7.690 ; 7.690 ; Rise       ; CLK             ;
; P_SEL     ; CLK        ; 7.684 ; 7.684 ; Rise       ; CLK             ;
; SOLVED    ; CLK        ; 7.606 ; 7.606 ; Rise       ; CLK             ;
; SR_LD     ; CLK        ; 7.344 ; 7.344 ; Rise       ; CLK             ;
; SR_SEL    ; CLK        ; 8.744 ; 8.744 ; Rise       ; CLK             ;
; TC_EN     ; CLK        ; 7.642 ; 7.642 ; Rise       ; CLK             ;
; TC_RST    ; CLK        ; 7.361 ; 7.361 ; Rise       ; CLK             ;
; TM_EN     ; CLK        ; 7.666 ; 7.666 ; Rise       ; CLK             ;
; TM_IN     ; CLK        ; 7.335 ; 7.335 ; Rise       ; CLK             ;
+-----------+------------+-------+-------+------------+-----------------+


+-----------------------------------------------------------------------+
; Minimum Clock to Output Times                                         ;
+-----------+------------+-------+-------+------------+-----------------+
; Data Port ; Clock Port ; Rise  ; Fall  ; Clock Edge ; Clock Reference ;
+-----------+------------+-------+-------+------------+-----------------+
; GR_LD     ; CLK        ; 4.451 ; 4.451 ; Rise       ; CLK             ;
; GR_SEL    ; CLK        ; 4.015 ; 4.015 ; Rise       ; CLK             ;
; P_SEL     ; CLK        ; 4.017 ; 4.017 ; Rise       ; CLK             ;
; SOLVED    ; CLK        ; 4.059 ; 4.059 ; Rise       ; CLK             ;
; SR_LD     ; CLK        ; 3.886 ; 3.886 ; Rise       ; CLK             ;
; SR_SEL    ; CLK        ; 4.451 ; 4.451 ; Rise       ; CLK             ;
; TC_EN     ; CLK        ; 4.081 ; 4.081 ; Rise       ; CLK             ;
; TC_RST    ; CLK        ; 3.893 ; 3.893 ; Rise       ; CLK             ;
; TM_EN     ; CLK        ; 3.995 ; 3.995 ; Rise       ; CLK             ;
; TM_IN     ; CLK        ; 3.885 ; 3.885 ; Rise       ; CLK             ;
+-----------+------------+-------+-------+------------+-----------------+


+-------------------------------------------------------------------+
; Setup Transfers                                                   ;
+------------+----------+----------+----------+----------+----------+
; From Clock ; To Clock ; RR Paths ; FR Paths ; RF Paths ; FF Paths ;
+------------+----------+----------+----------+----------+----------+
; CLK        ; CLK      ; 77       ; 0        ; 0        ; 0        ;
+------------+----------+----------+----------+----------+----------+
Entries labeled "false path" only account for clock-to-clock false paths and not path-based false paths. As a result, actual path counts may be lower than reported.


+-------------------------------------------------------------------+
; Hold Transfers                                                    ;
+------------+----------+----------+----------+----------+----------+
; From Clock ; To Clock ; RR Paths ; FR Paths ; RF Paths ; FF Paths ;
+------------+----------+----------+----------+----------+----------+
; CLK        ; CLK      ; 77       ; 0        ; 0        ; 0        ;
+------------+----------+----------+----------+----------+----------+
Entries labeled "false path" only account for clock-to-clock false paths and not path-based false paths. As a result, actual path counts may be lower than reported.


---------------
; Report TCCS ;
---------------
No dedicated SERDES Transmitter circuitry present in device or used in design


---------------
; Report RSKM ;
---------------
No dedicated SERDES Receiver circuitry present in device or used in design


+------------------------------------------------+
; Unconstrained Paths                            ;
+---------------------------------+-------+------+
; Property                        ; Setup ; Hold ;
+---------------------------------+-------+------+
; Illegal Clocks                  ; 0     ; 0    ;
; Unconstrained Clocks            ; 0     ; 0    ;
; Unconstrained Input Ports       ; 4     ; 4    ;
; Unconstrained Input Port Paths  ; 33    ; 33   ;
; Unconstrained Output Ports      ; 10    ; 10   ;
; Unconstrained Output Port Paths ; 10    ; 10   ;
+---------------------------------+-------+------+


+------------------------------------+
; TimeQuest Timing Analyzer Messages ;
+------------------------------------+
Info: *******************************************************************
Info: Running Quartus II 64-Bit TimeQuest Timing Analyzer
    Info: Version 13.0.1 Build 232 06/12/2013 Service Pack 1 SJ Web Edition
    Info: Processing started: Sat Nov 28 12:53:07 2015
Info: Command: quartus_sta lab4 -c lab4
Info: qsta_default_script.tcl version: #1
Warning (20028): Parallel compilation is not licensed and has been disabled
Info (21077): Low junction temperature is 0 degrees C
Info (21077): High junction temperature is 85 degrees C
Info (332104): Reading SDC File: 'g10_mastermind_controller.sdc'
Info: Found TIMEQUEST_REPORT_SCRIPT_INCLUDE_DEFAULT_ANALYSIS = ON
Info: Analyzing Slow Model
Info (332146): Worst-case setup slack is 17.637
    Info (332119):     Slack End Point TNS Clock 
    Info (332119): ========= ============= =====================
    Info (332119):    17.637         0.000 CLK 
Info (332146): Worst-case hold slack is 0.445
    Info (332119):     Slack End Point TNS Clock 
    Info (332119): ========= ============= =====================
    Info (332119):     0.445         0.000 CLK 
Info (332140): No Recovery paths to report
Info (332140): No Removal paths to report
Info (332146): Worst-case minimum pulse width slack is 8.889
    Info (332119):     Slack End Point TNS Clock 
    Info (332119): ========= ============= =====================
    Info (332119):     8.889         0.000 CLK 
Info (332001): The selected device family is not supported by the report_metastability command.
Info: Analyzing Fast Model
Info (332146): Worst-case setup slack is 19.129
    Info (332119):     Slack End Point TNS Clock 
    Info (332119): ========= ============= =====================
    Info (332119):    19.129         0.000 CLK 
Info (332146): Worst-case hold slack is 0.215
    Info (332119):     Slack End Point TNS Clock 
    Info (332119): ========= ============= =====================
    Info (332119):     0.215         0.000 CLK 
Info (332140): No Recovery paths to report
Info (332140): No Removal paths to report
Info (332146): Worst-case minimum pulse width slack is 9.000
    Info (332119):     Slack End Point TNS Clock 
    Info (332119): ========= ============= =====================
    Info (332119):     9.000         0.000 CLK 
Info (332001): The selected device family is not supported by the report_metastability command.
Info (332102): Design is not fully constrained for setup requirements
Info (332102): Design is not fully constrained for hold requirements
Info: Quartus II 64-Bit TimeQuest Timing Analyzer was successful. 0 errors, 1 warning
    Info: Peak virtual memory: 396 megabytes
    Info: Processing ended: Sat Nov 28 12:53:08 2015
    Info: Elapsed time: 00:00:01
    Info: Total CPU time (on all processors): 00:00:01


